[www.lordz.io/index.html]
[backblue.gif]
[fade.gif]
[index.html]
[www.lordz.io/TemplateData/Lordzfavicon.ico]
[lordz.io/TemplateData/FB_Thumb.png]
[ajax.googleapis.com/ajax/libs/jquery/3.1.0/jquery.min.js]
[apis.google.com/js/api.js]
[www.googletagservices.com/tag/js/gpt.js]
[www.lordz.io/TemplateData/style.css]
[www.lordz.io/TemplateData/UnityProgress.js]
[js-sec.indexww.com/ht/p/185008-74086474264623.js]
[www.lordz.io/TemplateData/UnitySpinbot.js]
[www.lordz.io/Build/UnityLoader.js]
[api.adinplay.com/libs/aiptag/pub/LRD/lordz.io/tag.min.js]
[sdki.truepush.com/sdk/v2.0.3/app.js]
[www.lordz.io/TemplateData/logo.png]
[www.lordz.io/TemplateData/loading.gif]
[www.lordz.io/TemplateData/LRZ_replacement.jpg]
[www.lordz.io/ads.js]
[www.lordz.io/index.html]
[webgames.io/js/widget.min36b2.js]
[www.lordz.io/TemplateData/progressLogo.Light.png]
[www.lordz.io/TemplateData/progressEmpty.Light.png]
[www.lordz.io/TemplateData/progressFull.Light.png]
[www.lordz.io/TemplateData/progressLogo.Dark.png]
[www.lordz.io/TemplateData/progressEmpty.Dark.png]
[www.lordz.io/TemplateData/progressFull.Dark.png]
[www.lordz.io/TemplateData/background.png]
[lordz.io/images/discord-icon.1a.delayed]
[lordz.io/images/twitter-icon.png]
[lordz.io/images/facebook-icon.png]
[lordz.io/images/youtube-icon.png]
[www.lordz.io/TemplateData/style.css]
[lordz.io/images/discord-icon.html]
[lordz.io/images/twitter-icon.html]
[lordz.io/images/facebook-icon.html]
[lordz.io/images/youtube-icon.html]
